[20:35:03] [Log 1] Player 'johan' spawned at coordinates (x: 14, y: 1, z: -8) in a Cave biome on Easy difficulty with seed 'e'.
[20:35:49] [Log 2] Player 'johan' moved E, E, E, N, E, N, N, N, E, S to coordinates (x: 11, y: -4, z: -8).
[20:54:59] [Log 3] Player 'johan' spawned at coordinates (x: 14, y: 1, z: -8) in a Cave biome on Easy difficulty with seed 'e'.
[20:55:02] [Log 4] Player 'johan' moved N, N, N, N, N, N, N, N to coordinates (x: 6, y: 1, z: -8).
[20:55:02] [Log 5] [['0', '0', '0', '0', '0', 'S', 'S', 'W', '0', '0', '0'], ['W', '0', 'W', '0', '0', '0', 'W', '0', '0', '0', '0'], ['0', 'W', '0', '0', 'W', '0', '0', '0', '0', '0', '0'], ['0', '0', '0', '0', '0', '0', '0', 'S', '0', '0', '0'], ['0', '0', 'S', '0', '0', '0', '0', 'W', '0', '0', 'S'], ['0', 'S', '0', '0', 'S', 'W', '0', 'W', '0', '0', '0'], ['W', '0', 'S', '0', '0', '0', '0', 'W', '0', '0', '0'], ['0', '0', 'W', 'W', '0', '0', '0', 'S', '0', '0', '0'], ['0', '0', '0', '0', 'W', '0', 'S', '0', 'W', '0', '0'], ['0', 'S', '0', '0', '0', '0', '0', '0', '0', '0', '0'], ['0', '0', '0', '0', '0', '0', '0', 'W', '0', '0', '0']]
[20:57:57] [Log 6] Player 'teat' spawned at coordinates (x: -5, y: 59, z: 41) in a Mountain biome on Easy difficulty with seed 'w'.
[20:58:47] [Log 7] Player 'test' spawned at coordinates (x: -4, y: 12, z: 12) in a Desert biome on Easy difficulty with seed '3'.
[20:58:51] [Log 8] Player 'test' moved N, N, N, N, N, N, N, N, N, N to coordinates (x: -14, y: 12, z: 12).[08/01/2026,21:02:09] [Log Instance 10] Player 'johan' spawned at coordinates (x: -4, y: 12, z: 12) in a Desert biome on Easy difficulty with seed '3'.
[08/01/2026,21:02:17] [Log Instance 11] Player 'johan' moved N, N, N, N, N, N, N, N, N, N to coordinates (x: -14, y: 12, z: 12).
[08/01/2026,21:02:17] [Log Instance 12] None
[10/01/2026,20:10:06] [Log 13] Player 'johan' spawned at coordinates (x: 0, y: 2, z: -1) in a Mountain biome on Easy difficulty with seed 'jo'.
[10/01/2026,20:17:17] [Log 14] Player 'johan' spawned at coordinates (x: -4, y: 5, z: -6) in a River biome on Easy difficulty with seed 'n'.
[10/01/2026,20:21:17] [Log 15] Player 'tracy_jordan' spawned at coordinates (x: 3, y: -2, z: 6) in a Desert biome on Easy difficulty with seed 'no'.
[10/01/2026,20:21:29] [Log 16] Player 'tracy_jordan' moved W, W, W, W, N, N, N, N, N, N to coordinates (x: -3, y: 2, z: 6).
[10/01/2026,20:29:22] [Log 17] Player 'liz_lemon' spawned at coordinates (x: 3, y: -5, z: 50) in a Village biome on Easy difficulty with seed 'hlo'.
[10/01/2026,20:30:33] [Log 18] Player 'jenna' spawned at coordinates (x: 3, y: -5, z: 50) in a Village biome on Easy difficulty with seed 'hlo'.
[10/01/2026,20:30:50] [Log 19] Player 'johan' spawned at coordinates (x: 11, y: 3, z: -9) in a Cave biome on Easy difficulty with seed 'e'.
[10/01/2026,20:31:56] [Log 20] Player 'fadfndanfldfd' spawned at coordinates (x: 11, y: 3, z: -9) in a Cave biome on Easy difficulty with seed 'e'.
[10/01/2026,20:32:07] [Log 21] Player 'fadfndanfldfd' moved N, N, N, N, N, N, N, N, N, S to coordinates (x: 3, y: 3, z: -9).
[10/01/2026,21:36:42] [Log 22] Player 'tesy' spawned at coordinates (x: 11, y: 3, z: -9) in a Cave biome on Easy difficulty with seed 'e'.
[10/01/2026,21:37:01] [Log 23] Player 'tesy' moved E, W, W, S, D, D, D, D, S, S to coordinates (x: 14, y: 4, z: -9).
[10/01/2026,21:41:12] [Log 24] Player 'teste' spawned at coordinates (x: 11, y: 3, z: -9) in a Cave biome on Easy difficulty with seed 'e'.
[10/01/2026,21:42:52] [Log 25] Player 'tegrrg' spawned at coordinates (x: 11, y: 3, z: -9) in a Cave biome on Easy difficulty with seed 'e'.
[10/01/2026,21:43:01] [Log 26] Player 'tegrrg' moved E, E, E, E, E, E, E, E, N, N to coordinates (x: 9, y: -5, z: -9).
[10/01/2026,21:58:40] [Log 27] Player 'joahn' spawned at coordinates (x: 11, y: 3, z: -9) in a Cave biome on Easy difficulty with seed 'e'.
[10/01/2026,21:59:05] [Log 28] Player 'joahn' moved E, E, E, E, E, E, E, E, E to coordinates (x: 11, y: -6, z: -9).
[10/01/2026,22:05:19] [Log 29] Player 'ffoepjfdsnfkldsnkldsnfkldsnlsdkfdskl' spawned at coordinates (x: 11, y: 3, z: -9) in a Cave biome on Easy difficulty with seed 'e'.
[10/01/2026,22:06:49] [Log 30] Player 'krngknlgkndf' spawned at coordinates (x: 11, y: 3, z: -9) in a Cave biome on Easy difficulty with seed 'e'.
[10/01/2026,22:06:59] [Log 31] Player 'krngknlgkndf' moved E, E, E, E, E, E, E, E, E, N to coordinates (x: 10, y: -6, z: -9).
[10/01/2026,22:07:30] [Log 32] Player 'efewog' spawned at coordinates (x: 11, y: 3, z: -9) in a Cave biome on Easy difficulty with seed 'e'.
[10/01/2026,22:07:35] [Log 33] Player 'efewog' moved E, E, E, E, E, E, E, E, E, E to coordinates (x: 11, y: -7, z: -9).
